2025-10-10 21:53:54,283 4 INFO john75suncity-ssh-git-github-com-odoo-odoo-git-18-0-24504174 odoo.modules.registry: module records_management: creating or updating database tables
2025-10-10 21:53:54,316 4 INFO john75suncity-ssh-git-github-com-odoo-odoo-git-18-0-24504174 odoo.models: Prepare computation of account.move.line.document_count
2025-10-10 21:53:54,316 4 INFO john75suncity-ssh-git-github-com-odoo-odoo-git-18-0-24504174 odoo.models: Prepare computation of account.move.line.display_name
2025-10-10 21:53:54,316 4 INFO john75suncity-ssh-git-github-com-odoo-odoo-git-18-0-24504174 odoo.models: Prepare computation of account.move.line.container_types
2025-10-10 21:53:54,316 4 INFO john75suncity-ssh-git-github-com-odoo-odoo-git-18-0-24504174 odoo.models: Prepare computation of account.move.line.shredding_weight_kg
2025-10-10 21:53:54,640 4 ERROR john75suncity-ssh-git-github-com-odoo-odoo-git-18-0-24504174 odoo.schema: Table 'cross_department_sharing_rule': unable to add constraint 'cross_department_sharing_rule_unique_sharing_rule' as unique(sharing_department_id, shared_department_id)
2025-10-10 21:53:54,819 4 INFO john75suncity-ssh-git-github-com-odoo-odoo-git-18-0-24504174 odoo.models: Prepare computation of maintenance.equipment.next_calibration_date
2025-10-10 21:53:54,819 4 INFO john75suncity-ssh-git-github-com-odoo-odoo-git-18-0-24504174 odoo.models: Prepare computation of maintenance.equipment.total_maintenance_cost
2025-10-10 21:53:54,819 4 INFO john75suncity-ssh-git-github-com-odoo-odoo-git-18-0-24504174 odoo.models: Prepare computation of maintenance.equipment.is_under_warranty
2025-10-10 21:53:54,897 4 INFO john75suncity-ssh-git-github-com-odoo-odoo-git-18-0-24504174 odoo.models: Prepare computation of hr.employee.certification_status
2025-10-10 21:53:54,898 4 INFO john75suncity-ssh-git-github-com-odoo-odoo-git-18-0-24504174 odoo.models: Prepare computation of hr.employee.naid_certified
2025-10-10 21:53:55,052 4 INFO john75suncity-ssh-git-github-com-odoo-odoo-git-18-0-24504174 odoo.models: Prepare computation of maintenance.request.cost
2025-10-10 21:53:55,062 4 INFO john75suncity-ssh-git-github-com-odoo-odoo-git-18-0-24504174 odoo.models: Prepare computation of maintenance.team.average_response_time
2025-10-10 21:53:55,062 4 INFO john75suncity-ssh-git-github-com-odoo-odoo-git-18-0-24504174 odoo.models: Prepare computation of maintenance.team.average_resolution_time
2025-10-10 21:53:55,433 4 ERROR john75suncity-ssh-git-github-com-odoo-odoo-git-18-0-24504174 odoo.schema: Table 'paper_model_bale': unable to add constraint 'paper_model_bale_bale_number_company_uniq' as unique(bale_number, company_id)
2025-10-10 21:53:55,657 4 INFO john75suncity-ssh-git-github-com-odoo-odoo-git-18-0-24504174 odoo.models: Prepare computation of project.task.container_count
2025-10-10 21:53:55,657 4 INFO john75suncity-ssh-git-github-com-odoo-odoo-git-18-0-24504174 odoo.models: Prepare computation of project.task.certificate_required
2025-10-10 21:53:55,657 4 INFO john75suncity-ssh-git-github-com-odoo-odoo-git-18-0-24504174 odoo.models: Prepare computation of project.task.total_weight
2025-10-10 21:53:56,315 4 INFO john75suncity-ssh-git-github-com-odoo-odoo-git-18-0-24504174 odoo.models: Prepare computation of res.partner.department_count
2025-10-10 21:53:56,315 4 INFO john75suncity-ssh-git-github-com-odoo-odoo-git-18-0-24504174 odoo.models: Prepare computation of res.partner.active_bin_key_count
2025-10-10 21:53:56,315 4 INFO john75suncity-ssh-git-github-com-odoo-odoo-git-18-0-24504174 odoo.models: Prepare computation of res.partner.total_bin_keys_issued
2025-10-10 21:53:56,315 4 INFO john75suncity-ssh-git-github-com-odoo-odoo-git-18-0-24504174 odoo.models: Prepare computation of res.partner.unlock_service_count
2025-10-10 21:53:56,315 4 INFO john75suncity-ssh-git-github-com-odoo-odoo-git-18-0-24504174 odoo.models: Prepare computation of res.partner.key_issue_date
2025-10-10 21:53:56,315 4 INFO john75suncity-ssh-git-github-com-odoo-odoo-git-18-0-24504174 odoo.models: Prepare computation of res.partner.total_unlock_charges
2025-10-10 21:53:56,315 4 INFO john75suncity-ssh-git-github-com-odoo-odoo-git-18-0-24504174 odoo.models: Prepare computation of res.partner.has_bin_key
2025-10-10 21:53:56,315 4 INFO john75suncity-ssh-git-github-com-odoo-odoo-git-18-0-24504174 odoo.models: Prepare computation of res.partner.recently_restricted
2025-10-10 21:53:56,643 4 INFO john75suncity-ssh-git-github-com-odoo-odoo-git-18-0-24504174 odoo.models: Prepare computation of stock.lot.document_count
2025-10-10 21:53:56,658 4 ERROR john75suncity-ssh-git-github-com-odoo-odoo-git-18-0-24504174 odoo.schema: Table 'stock_lot_attribute': unable to add constraint 'stock_lot_attribute_technical_name_company_uniq' as unique(technical_name, company_id)
2025-10-10 21:53:56,685 4 ERROR john75suncity-ssh-git-github-com-odoo-odoo-git-18-0-24504174 odoo.schema: Table 'stock_lot_attribute_option': unable to add constraint 'stock_lot_attribute_option_value_attribute_uniq' as unique(value, attribute_id)
2025-10-10 21:53:56,700 4 ERROR john75suncity-ssh-git-github-com-odoo-odoo-git-18-0-24504174 odoo.schema: Table 'stock_lot_attribute_value': unable to add constraint 'stock_lot_attribute_value_value_attribute_lot_uniq' as unique(value, attribute_id, lot_id)
2025-10-10 21:53:56,726 4 INFO john75suncity-ssh-git-github-com-odoo-odoo-git-18-0-24504174 odoo.models: Prepare computation of stock.picking.is_records_management
2025-10-10 21:54:07,074 4 INFO john75suncity-ssh-git-github-com-odoo-odoo-git-18-0-24504174 odoo.modules.loading: loading records_management/security/records_management_security.xml
2025-10-10 21:54:07,415 4 INFO john75suncity-ssh-git-github-com-odoo-odoo-git-18-0-24504174 odoo.modules.loading: loading records_management/security/additional_models_security.xml
2025-10-10 21:54:07,435 4 INFO john75suncity-ssh-git-github-com-odoo-odoo-git-18-0-24504174 odoo.modules.loading: loading records_management/security/destruction_certificate_security.xml
2025-10-10 21:54:07,440 4 INFO john75suncity-ssh-git-github-com-odoo-odoo-git-18-0-24504174 odoo.modules.loading: loading records_management/security/intelligent_search_security.xml
2025-10-10 21:54:07,484 4 INFO john75suncity-ssh-git-github-com-odoo-odoo-git-18-0-24504174 odoo.modules.loading: loading records_management/security/naid_security.xml
2025-10-10 21:54:07,511 4 INFO john75suncity-ssh-git-github-com-odoo-odoo-git-18-0-24504174 odoo.modules.loading: loading records_management/security/portal_request_security.xml
2025-10-10 21:54:07,560 4 INFO john75suncity-ssh-git-github-com-odoo-odoo-git-18-0-24504174 odoo.modules.loading: loading records_management/security/work_order_portal_rules.xml
2025-10-10 21:54:07,576 4 INFO john75suncity-ssh-git-github-com-odoo-odoo-git-18-0-24504174 odoo.modules.loading: loading records_management/security/portal_container_rules.xml
2025-10-10 21:54:07,587 4 INFO john75suncity-ssh-git-github-com-odoo-odoo-git-18-0-24504174 odoo.modules.loading: loading records_management/security/portal_document_rules.xml
2025-10-10 21:54:07,592 4 INFO john75suncity-ssh-git-github-com-odoo-odoo-git-18-0-24504174 odoo.modules.loading: loading records_management/security/portal_financial_rules.xml
2025-10-10 21:54:07,597 4 INFO john75suncity-ssh-git-github-com-odoo-odoo-git-18-0-24504174 odoo.modules.loading: loading records_management/security/portal_certificate_rules.xml
2025-10-10 21:54:07,603 4 INFO john75suncity-ssh-git-github-com-odoo-odoo-git-18-0-24504174 odoo.modules.loading: loading records_management/security/ir.model.access.csv
2025-10-10 21:54:08,004 4 INFO john75suncity-ssh-git-github-com-odoo-odoo-git-18-0-24504174 odoo.modules.loading: loading records_management/views/records_management_root_menus.xml
2025-10-10 21:54:08,044 4 INFO john75suncity-ssh-git-github-com-odoo-odoo-git-18-0-24504174 odoo.modules.loading: loading records_management/data/ir_sequence_data.xml
2025-10-10 21:54:08,080 4 INFO john75suncity-ssh-git-github-com-odoo-odoo-git-18-0-24504174 odoo.modules.loading: loading records_management/data/sequence_data.xml
2025-10-10 21:54:08,105 4 INFO john75suncity-ssh-git-github-com-odoo-odoo-git-18-0-24504174 odoo.modules.loading: loading records_management/data/missing_sequences_data.xml
2025-10-10 21:54:08,190 4 INFO john75suncity-ssh-git-github-com-odoo-odoo-git-18-0-24504174 odoo.modules.loading: loading records_management/data/portal_barcode_sequence.xml
2025-10-10 21:54:08,192 4 INFO john75suncity-ssh-git-github-com-odoo-odoo-git-18-0-24504174 odoo.modules.loading: loading records_management/data/records_retrieval_order_sequences_data.xml
2025-10-10 21:54:08,196 4 INFO john75suncity-ssh-git-github-com-odoo-odoo-git-18-0-24504174 odoo.modules.loading: loading records_management/data/core_records_data.xml
2025-10-10 21:54:08,225 4 INFO john75suncity-ssh-git-github-com-odoo-odoo-git-18-0-24504174 odoo.modules.loading: loading records_management/data/load_data.xml
2025-10-10 21:54:08,310 4 INFO john75suncity-ssh-git-github-com-odoo-odoo-git-18-0-24504174 odoo.modules.loading: loading records_management/data/container_types_base_rates.xml
2025-10-10 21:54:08,362 4 INFO john75suncity-ssh-git-github-com-odoo-odoo-git-18-0-24504174 odoo.modules.loading: loading records_management/data/naid_certificate_data.xml
2025-10-10 21:54:08,386 4 INFO john75suncity-ssh-git-github-com-odoo-odoo-git-18-0-24504174 odoo.modules.loading: loading records_management/data/paper_products_data.xml
2025-10-10 21:54:08,473 4 INFO john75suncity-ssh-git-github-com-odoo-odoo-git-18-0-24504174 odoo.modules.loading: loading records_management/data/paper_shred_configurator_data.xml
2025-10-10 21:54:08,498 4 INFO john75suncity-ssh-git-github-com-odoo-odoo-git-18-0-24504174 odoo.modules.loading: loading records_management/data/document_retrieval_rates_data.xml
2025-10-10 21:54:08,519 4 INFO john75suncity-ssh-git-github-com-odoo-odoo-git-18-0-24504174 odoo.modules.loading: loading records_management/data/products_data.xml
2025-10-10 21:54:08,882 4 INFO john75suncity-ssh-git-github-com-odoo-odoo-git-18-0-24504174 odoo.modules.loading: loading records_management/data/storage_fee_data.xml
2025-10-10 21:54:08,910 4 INFO john75suncity-ssh-git-github-com-odoo-odoo-git-18-0-24504174 odoo.modules.loading: loading records_management/report/naid_audit_log_reports.xml
2025-10-10 21:54:08,918 4 INFO john75suncity-ssh-git-github-com-odoo-odoo-git-18-0-24504174 odoo.modules.loading: loading records_management/report/naid_compliance_action_plan_reports.xml
2025-10-10 21:54:08,924 4 INFO john75suncity-ssh-git-github-com-odoo-odoo-git-18-0-24504174 odoo.modules.loading: loading records_management/report/naid_compliance_alert_reports.xml
2025-10-10 21:54:08,929 4 INFO john75suncity-ssh-git-github-com-odoo-odoo-git-18-0-24504174 odoo.modules.loading: loading records_management/report/naid_compliance_reports.xml
2025-10-10 21:54:08,935 4 INFO john75suncity-ssh-git-github-com-odoo-odoo-git-18-0-24504174 odoo.modules.loading: loading records_management/report/container_barcode_reports.xml
2025-10-10 21:54:08,941 4 INFO john75suncity-ssh-git-github-com-odoo-odoo-git-18-0-24504174 odoo.modules.loading: loading records_management/report/document_temp_barcode_reports.xml
2025-10-10 21:54:08,946 4 INFO john75suncity-ssh-git-github-com-odoo-odoo-git-18-0-24504174 odoo.modules.loading: loading records_management/report/destruction_certificate_reports.xml
2025-10-10 21:54:08,966 4 INFO john75suncity-ssh-git-github-com-odoo-odoo-git-18-0-24504174 odoo.modules.loading: loading records_management/report/additional_reports.xml
2025-10-10 21:54:08,988 4 INFO john75suncity-ssh-git-github-com-odoo-odoo-git-18-0-24504174 odoo.modules.loading: loading records_management/report/paper_bale_reports.xml
2025-10-10 21:54:08,994 4 INFO john75suncity-ssh-git-github-com-odoo-odoo-git-18-0-24504174 odoo.modules.loading: loading records_management/report/pickup_request_reports.xml
2025-10-10 21:54:09,000 4 INFO john75suncity-ssh-git-github-com-odoo-odoo-git-18-0-24504174 odoo.modules.loading: loading records_management/report/barcode_storage_box_reports.xml
2025-10-10 21:54:09,006 4 INFO john75suncity-ssh-git-github-com-odoo-odoo-git-18-0-24504174 odoo.modules.loading: loading records_management/report/description_reports.xml
2025-10-10 21:54:09,012 4 INFO john75suncity-ssh-git-github-com-odoo-odoo-git-18-0-24504174 odoo.modules.loading: loading records_management/report/document_search_attempt_report.xml
2025-10-10 21:54:09,017 4 INFO john75suncity-ssh-git-github-com-odoo-odoo-git-18-0-24504174 odoo.modules.loading: loading records_management/report/naid_certificate_reports.xml
2025-10-10 21:54:09,025 4 INFO john75suncity-ssh-git-github-com-odoo-odoo-git-18-0-24504174 odoo.modules.loading: loading records_management/report/report_records_management_report_customer_inventory_report.xml
2025-10-10 21:54:09,031 4 INFO john75suncity-ssh-git-github-com-odoo-odoo-git-18-0-24504174 odoo.modules.loading: loading records_management/views/field_label_helper_wizard_views.xml
2025-10-10 21:54:09,048 4 INFO john75suncity-ssh-git-github-com-odoo-odoo-git-18-0-24504174 odoo.modules.loading: loading records_management/views/records_digital_scan_views.xml
2025-10-10 21:54:09,064 4 INFO john75suncity-ssh-git-github-com-odoo-odoo-git-18-0-24504174 odoo.modules.loading: loading records_management/views/pickup_request_views.xml
2025-10-10 21:54:09,067 4 INFO john75suncity-ssh-git-github-com-odoo-odoo-git-18-0-24504174 odoo.modules.loading: loading records_management/views/naid_audit_log_views.xml
2025-10-10 21:54:09,094 4 INFO john75suncity-ssh-git-github-com-odoo-odoo-git-18-0-24504174 odoo.modules.loading: loading records_management/views/naid_audit_verification_wizard_views.xml
2025-10-10 21:54:09,101 4 INFO john75suncity-ssh-git-github-com-odoo-odoo-git-18-0-24504174 odoo.modules.loading: loading records_management/views/naid_compliance_checklist_item_views.xml
2025-10-10 21:54:09,117 4 INFO john75suncity-ssh-git-github-com-odoo-odoo-git-18-0-24504174 odoo.modules.loading: loading records_management/views/naid_compliance_checklist_views.xml
2025-10-10 21:54:09,132 4 INFO john75suncity-ssh-git-github-com-odoo-odoo-git-18-0-24504174 odoo.modules.loading: loading records_management/views/naid_compliance_policy_views.xml
2025-10-10 21:54:09,144 4 INFO john75suncity-ssh-git-github-com-odoo-odoo-git-18-0-24504174 odoo.modules.loading: loading records_management/views/naid_custody_views.xml
2025-10-10 21:54:09,163 4 INFO john75suncity-ssh-git-github-com-odoo-odoo-git-18-0-24504174 odoo.modules.loading: loading records_management/views/naid_compliance_views.xml
2025-10-10 21:54:09,198 4 INFO john75suncity-ssh-git-github-com-odoo-odoo-git-18-0-24504174 odoo.modules.loading: loading records_management/data/feedback_survey_data.xml
2025-10-10 21:54:09,292 4 INFO john75suncity-ssh-git-github-com-odoo-odoo-git-18-0-24504174 odoo.modules.loading: loading records_management/data/intelligent_search_indexes_data.xml
2025-10-10 21:54:09,300 4 INFO john75suncity-ssh-git-github-com-odoo-odoo-git-18-0-24504174 odoo.modules.loading: loading records_management/data/tag_data.xml
2025-10-10 21:54:09,322 4 INFO john75suncity-ssh-git-github-com-odoo-odoo-git-18-0-24504174 odoo.modules.loading: loading records_management/data/fsm_mail_templates_data.xml
2025-10-10 21:54:09,342 4 INFO john75suncity-ssh-git-github-com-odoo-odoo-git-18-0-24504174 odoo.modules.loading: loading records_management/data/mail_activity_data_todo.xml
2025-10-10 21:54:09,348 4 INFO john75suncity-ssh-git-github-com-odoo-odoo-git-18-0-24504174 odoo.modules.loading: loading records_management/data/records_retrieval_order_cron_data.xml
2025-10-10 21:54:09,355 4 INFO john75suncity-ssh-git-github-com-odoo-odoo-git-18-0-24504174 odoo.modules.loading: loading records_management/data/scheduled_actions_data.xml
2025-10-10 21:54:09,383 4 INFO john75suncity-ssh-git-github-com-odoo-odoo-git-18-0-24504174 odoo.modules.loading: loading records_management/data/field_label_customization_batch_data.xml
2025-10-10 21:54:09,425 4 INFO john75suncity-ssh-git-github-com-odoo-odoo-git-18-0-24504174 odoo.modules.loading: loading records_management/data/temp_inventory_configurator_data.xml
2025-10-10 21:54:09,448 4 INFO john75suncity-ssh-git-github-com-odoo-odoo-git-18-0-24504174 odoo.modules.loading: loading records_management/views/report_window_actions_views.xml
2025-10-10 21:54:09,476 4 INFO john75suncity-ssh-git-github-com-odoo-odoo-git-18-0-24504174 odoo.modules.loading: loading records_management/views/bin_issue_report_wizard_views.xml
2025-10-10 21:54:09,516 4 INFO john75suncity-ssh-git-github-com-odoo-odoo-git-18-0-24504174 odoo.modules.loading: loading records_management/views/customer_inventory_report_wizard_views.xml
2025-10-10 21:54:09,523 4 INFO john75suncity-ssh-git-github-com-odoo-odoo-git-18-0-24504174 odoo.modules.loading: loading records_management/views/hard_drive_scan_wizard_views.xml
2025-10-10 21:54:09,534 4 INFO john75suncity-ssh-git-github-com-odoo-odoo-git-18-0-24504174 odoo.modules.loading: loading records_management/views/location_report_wizard_views.xml
2025-10-10 21:54:09,547 4 INFO john75suncity-ssh-git-github-com-odoo-odoo-git-18-0-24504174 odoo.modules.loading: loading records_management/views/mobile_bin_key_wizard_views.xml
2025-10-10 21:54:09,562 4 INFO john75suncity-ssh-git-github-com-odoo-odoo-git-18-0-24504174 odoo.modules.loading: loading records_management/views/paper_bale_inspection_wizard_views.xml
2025-10-10 21:54:09,576 4 INFO john75suncity-ssh-git-github-com-odoo-odoo-git-18-0-24504174 odoo.modules.loading: loading records_management/views/paper_bale_weigh_wizard_views.xml
2025-10-10 21:54:09,584 4 INFO john75suncity-ssh-git-github-com-odoo-odoo-git-18-0-24504174 odoo.modules.loading: loading records_management/views/permanent_flag_wizard_views.xml
2025-10-10 21:54:09,593 4 INFO john75suncity-ssh-git-github-com-odoo-odoo-git-18-0-24504174 odoo.modules.loading: loading records_management/views/pickup_schedule_wizard_views.xml
2025-10-10 21:54:09,607 4 INFO john75suncity-ssh-git-github-com-odoo-odoo-git-18-0-24504174 odoo.modules.loading: loading records_management/views/processing_log_resolution_wizard_views.xml
2025-10-10 21:54:09,621 4 INFO john75suncity-ssh-git-github-com-odoo-odoo-git-18-0-24504174 odoo.modules.loading: loading records_management/views/rate_change_confirmation_wizard_views.xml
2025-10-10 21:54:09,635 4 INFO john75suncity-ssh-git-github-com-odoo-odoo-git-18-0-24504174 odoo.modules.loading: loading records_management/views/records_container_type_converter_wizard_views.xml
2025-10-10 21:54:09,649 4 INFO john75suncity-ssh-git-github-com-odoo-odoo-git-18-0-24504174 odoo.modules.loading: loading records_management/views/records_document_flag_permanent_wizard_views.xml
2025-10-10 21:54:09,658 4 INFO john75suncity-ssh-git-github-com-odoo-odoo-git-18-0-24504174 odoo.modules.loading: loading records_management/views/records_document_bulk_upload_wizard_views.xml
2025-10-10 21:54:09,673 4 INFO john75suncity-ssh-git-github-com-odoo-odoo-git-18-0-24504174 odoo.modules.loading: loading records_management/views/records_location_report_wizard_views.xml
2025-10-10 21:54:09,687 4 INFO john75suncity-ssh-git-github-com-odoo-odoo-git-18-0-24504174 odoo.modules.loading: loading records_management/views/records_permanent_flag_wizard_views.xml
2025-10-10 21:54:09,703 4 INFO john75suncity-ssh-git-github-com-odoo-odoo-git-18-0-24504174 odoo.modules.loading: loading records_management/views/records_user_invitation_wizard_views.xml
2025-10-10 21:54:09,710 4 INFO john75suncity-ssh-git-github-com-odoo-odoo-git-18-0-24504174 odoo.modules.loading: loading records_management/views/shredding_bin_barcode_wizard_views.xml
2025-10-10 21:54:09,724 4 INFO john75suncity-ssh-git-github-com-odoo-odoo-git-18-0-24504174 odoo.modules.loading: loading records_management/views/system_flowchart_wizard_views.xml
2025-10-10 21:54:09,737 4 INFO john75suncity-ssh-git-github-com-odoo-odoo-git-18-0-24504174 odoo.modules.loading: loading records_management/views/temp_inventory_reject_wizard_views.xml
2025-10-10 21:54:09,749 4 INFO john75suncity-ssh-git-github-com-odoo-odoo-git-18-0-24504174 odoo.modules.loading: loading records_management/views/visitor_pos_wizard_views.xml
2025-10-10 21:54:09,769 4 INFO john75suncity-ssh-git-github-com-odoo-odoo-git-18-0-24504174 odoo.modules.loading: loading records_management/views/work_order_bin_assignment_wizard_views.xml
2025-10-10 21:54:09,782 4 INFO john75suncity-ssh-git-github-com-odoo-odoo-git-18-0-24504174 odoo.modules.loading: loading records_management/views/records_container_assign_barcode_wizard_views.xml
2025-10-10 21:54:09,790 4 INFO john75suncity-ssh-git-github-com-odoo-odoo-git-18-0-24504174 odoo.modules.loading: loading records_management/views/bin_unlock_service_views.xml
2025-10-10 21:54:09,848 4 INFO john75suncity-ssh-git-github-com-odoo-odoo-git-18-0-24504174 odoo.modules.loading: loading records_management/views/advanced_billing_contact_views.xml
2025-10-10 21:54:09,866 4 INFO john75suncity-ssh-git-github-com-odoo-odoo-git-18-0-24504174 odoo.modules.loading: loading records_management/views/advanced_billing_profile_views.xml
2025-10-10 21:54:09,889 4 INFO john75suncity-ssh-git-github-com-odoo-odoo-git-18-0-24504174 odoo.modules.loading: loading records_management/views/approval_history_views.xml
2025-10-10 21:54:09,902 4 INFO john75suncity-ssh-git-github-com-odoo-odoo-git-18-0-24504174 odoo.modules.loading: loading records_management/views/customer_negotiated_rate_views.xml
2025-10-10 21:54:09,913 4 INFO john75suncity-ssh-git-github-com-odoo-odoo-git-18-0-24504174 odoo.modules.loading: loading records_management/views/base_rate_views.xml
2025-10-10 21:54:09,976 4 INFO john75suncity-ssh-git-github-com-odoo-odoo-git-18-0-24504174 odoo.modules.loading: loading records_management/views/billing_period_views.xml
2025-10-10 21:54:09,990 4 INFO john75suncity-ssh-git-github-com-odoo-odoo-git-18-0-24504174 odoo.modules.loading: loading records_management/views/bin_barcode_inventory_views.xml
2025-10-10 21:54:10,041 4 INFO john75suncity-ssh-git-github-com-odoo-odoo-git-18-0-24504174 odoo.modules.loading: loading records_management/views/chain_of_custody_views.xml
2025-10-10 21:54:10,063 4 INFO john75suncity-ssh-git-github-com-odoo-odoo-git-18-0-24504174 odoo.modules.loading: loading records_management/views/container_retrieval_views.xml
2025-10-10 21:54:10,074 4 INFO john75suncity-ssh-git-github-com-odoo-odoo-git-18-0-24504174 odoo.modules.loading: loading records_management/views/custody_transfer_event_views.xml
2025-10-10 21:54:10,088 4 INFO john75suncity-ssh-git-github-com-odoo-odoo-git-18-0-24504174 odoo.modules.loading: loading records_management/views/customer_feedback_views.xml
2025-10-10 21:54:10,106 4 INFO john75suncity-ssh-git-github-com-odoo-odoo-git-18-0-24504174 odoo.modules.loading: loading records_management/views/customer_inventory_report_views.xml
2025-10-10 21:54:10,130 4 INFO john75suncity-ssh-git-github-com-odoo-odoo-git-18-0-24504174 odoo.modules.loading: loading records_management/views/destruction_event_views.xml
2025-10-10 21:54:10,145 4 INFO john75suncity-ssh-git-github-com-odoo-odoo-git-18-0-24504174 odoo.modules.loading: loading records_management/views/destruction_certificate_views.xml
2025-10-10 21:54:10,172 4 INFO john75suncity-ssh-git-github-com-odoo-odoo-git-18-0-24504174 odoo.modules.loading: loading records_management/views/records_work_vehicle_views.xml
2025-10-10 21:54:10,206 4 INFO john75suncity-ssh-git-github-com-odoo-odoo-git-18-0-24504174 odoo.modules.loading: loading records_management/views/inventory_adjustment_reason_views.xml
2025-10-10 21:54:10,219 4 INFO john75suncity-ssh-git-github-com-odoo-odoo-git-18-0-24504174 odoo.modules.loading: loading records_management/views/inventory_item_destruction_views.xml
2025-10-10 21:54:10,232 4 INFO john75suncity-ssh-git-github-com-odoo-odoo-git-18-0-24504174 odoo.modules.loading: loading records_management/views/inventory_item_location_transfer_views.xml
2025-10-10 21:54:10,244 4 INFO john75suncity-ssh-git-github-com-odoo-odoo-git-18-0-24504174 odoo.modules.loading: loading records_management/views/inventory_item_profile_views.xml
2025-10-10 21:54:10,255 4 INFO john75suncity-ssh-git-github-com-odoo-odoo-git-18-0-24504174 odoo.modules.loading: loading records_management/views/inventory_item_retrieval_views.xml
2025-10-10 21:54:10,267 4 INFO john75suncity-ssh-git-github-com-odoo-odoo-git-18-0-24504174 odoo.modules.loading: loading records_management/views/inventory_item_type_views.xml
2025-10-10 21:54:10,281 4 INFO john75suncity-ssh-git-github-com-odoo-odoo-git-18-0-24504174 odoo.modules.loading: loading records_management/views/location_group_views.xml
2025-10-10 21:54:10,293 4 INFO john75suncity-ssh-git-github-com-odoo-odoo-git-18-0-24504174 odoo.modules.loading: loading records_management/views/maintenance_request_views.xml
2025-10-10 21:54:10,294 4 INFO john75suncity-ssh-git-github-com-odoo-odoo-git-18-0-24504174 odoo.modules.loading: loading records_management/views/naid_certificate_views.xml
2025-10-10 21:54:10,310 4 INFO john75suncity-ssh-git-github-com-odoo-odoo-git-18-0-24504174 odoo.modules.loading: loading records_management/views/paper_bale_inspection_views.xml
2025-10-10 21:54:10,324 4 INFO john75suncity-ssh-git-github-com-odoo-odoo-git-18-0-24504174 odoo.modules.loading: loading records_management/views/paper_bale_line_views.xml
2025-10-10 21:54:10,337 4 INFO john75suncity-ssh-git-github-com-odoo-odoo-git-18-0-24504174 odoo.modules.loading: loading records_management/views/paper_bale_movement_views.xml
2025-10-10 21:54:10,350 4 INFO john75suncity-ssh-git-github-com-odoo-odoo-git-18-0-24504174 odoo.modules.loading: loading records_management/views/paper_bale_recycling_views.xml
2025-10-10 21:54:10,369 4 INFO john75suncity-ssh-git-github-com-odoo-odoo-git-18-0-24504174 odoo.modules.loading: loading records_management/views/paper_bale_views.xml
2025-10-10 21:54:10,394 4 INFO john75suncity-ssh-git-github-com-odoo-odoo-git-18-0-24504174 odoo.modules.loading: loading records_management/views/paper_load_shipment_views.xml
2025-10-10 21:54:10,431 4 INFO john75suncity-ssh-git-github-com-odoo-odoo-git-18-0-24504174 odoo.modules.loading: loading records_management/views/paper_model_bale_views.xml
2025-10-10 21:54:10,451 4 INFO john75suncity-ssh-git-github-com-odoo-odoo-git-18-0-24504174 odoo.modules.loading: loading records_management/views/payment_split_views.xml
2025-10-10 21:54:10,463 4 INFO john75suncity-ssh-git-github-com-odoo-odoo-git-18-0-24504174 odoo.modules.loading: loading records_management/views/payment_split_line_views.xml
2025-10-10 21:54:10,476 4 INFO john75suncity-ssh-git-github-com-odoo-odoo-git-18-0-24504174 odoo.modules.loading: loading records_management/views/pickup_route_views.xml
2025-10-10 21:54:10,503 4 INFO john75suncity-ssh-git-github-com-odoo-odoo-git-18-0-24504174 odoo.modules.loading: loading records_management/views/portal_feedback_views.xml
2025-10-10 21:54:10,524 4 INFO john75suncity-ssh-git-github-com-odoo-odoo-git-18-0-24504174 odoo.modules.loading: loading records_management/views/portal_request_line_views.xml
2025-10-10 21:54:10,537 4 INFO john75suncity-ssh-git-github-com-odoo-odoo-git-18-0-24504174 odoo.modules.loading: loading records_management/views/records_approval_workflow_views.xml
2025-10-10 21:54:10,549 4 INFO john75suncity-ssh-git-github-com-odoo-odoo-git-18-0-24504174 odoo.modules.loading: loading records_management/views/records_audit_log_views.xml
2025-10-10 21:54:10,561 4 INFO john75suncity-ssh-git-github-com-odoo-odoo-git-18-0-24504174 odoo.modules.loading: loading records_management/views/records_bulk_user_import_views.xml
2025-10-10 21:54:10,579 4 INFO john75suncity-ssh-git-github-com-odoo-odoo-git-18-0-24504174 odoo.modules.loading: loading records_management/views/records_category_views.xml
2025-10-10 21:54:10,601 4 INFO john75suncity-ssh-git-github-com-odoo-odoo-git-18-0-24504174 odoo.modules.loading: loading records_management/views/records_center_location_views.xml
2025-10-10 21:54:10,613 4 INFO john75suncity-ssh-git-github-com-odoo-odoo-git-18-0-24504174 odoo.modules.loading: loading records_management/views/records_container_content_views.xml
2025-10-10 21:54:10,626 4 INFO john75suncity-ssh-git-github-com-odoo-odoo-git-18-0-24504174 odoo.modules.loading: loading records_management/views/records_container_line_views.xml
2025-10-10 21:54:10,639 4 INFO john75suncity-ssh-git-github-com-odoo-odoo-git-18-0-24504174 odoo.modules.loading: loading records_management/views/records_container_log_views.xml
2025-10-10 21:54:10,652 4 INFO john75suncity-ssh-git-github-com-odoo-odoo-git-18-0-24504174 odoo.modules.loading: loading records_management/views/records_container_movement_views.xml
2025-10-10 21:54:10,670 4 INFO john75suncity-ssh-git-github-com-odoo-odoo-git-18-0-24504174 odoo.modules.loading: loading records_management/views/records_container_transfer_views.xml
2025-10-10 21:54:10,681 4 INFO john75suncity-ssh-git-github-com-odoo-odoo-git-18-0-24504174 odoo.modules.loading: loading records_management/views/records_customer_billing_profile_views.xml
2025-10-10 21:54:10,695 4 INFO john75suncity-ssh-git-github-com-odoo-odoo-git-18-0-24504174 odoo.modules.loading: loading records_management/views/records_deletion_request_enhanced_views.xml
2025-10-10 21:54:10,713 4 INFO john75suncity-ssh-git-github-com-odoo-odoo-git-18-0-24504174 odoo.modules.loading: loading records_management/views/records_department_billing_approval_views.xml
2025-10-10 21:54:10,743 4 INFO john75suncity-ssh-git-github-com-odoo-odoo-git-18-0-24504174 odoo.modules.loading: loading records_management/views/records_department_billing_contact_views.xml
2025-10-10 21:54:10,772 4 INFO john75suncity-ssh-git-github-com-odoo-odoo-git-18-0-24504174 odoo.modules.loading: loading records_management/views/records_department_views.xml
2025-10-10 21:54:10,803 4 INFO john75suncity-ssh-git-github-com-odoo-odoo-git-18-0-24504174 odoo.modules.loading: loading records_management/views/records_destruction_job_views.xml
2025-10-10 21:54:10,817 4 INFO john75suncity-ssh-git-github-com-odoo-odoo-git-18-0-24504174 odoo.modules.loading: loading records_management/views/records_destruction_line_views.xml
2025-10-10 21:54:10,831 4 INFO john75suncity-ssh-git-github-com-odoo-odoo-git-18-0-24504174 odoo.modules.loading: loading records_management/views/records_destruction_views.xml
2025-10-10 21:54:10,844 4 INFO john75suncity-ssh-git-github-com-odoo-odoo-git-18-0-24504174 odoo.modules.loading: loading records_management/views/records_document_type_views.xml
2025-10-10 21:54:10,871 4 INFO john75suncity-ssh-git-github-com-odoo-odoo-git-18-0-24504174 odoo.modules.loading: loading records_management/views/records_document_views.xml
2025-10-10 21:54:10,904 4 INFO john75suncity-ssh-git-github-com-odoo-odoo-git-18-0-24504174 odoo.modules.loading: loading records_management/views/records_document_bulk_upload_views.xml
2025-10-10 21:54:10,922 4 INFO john75suncity-ssh-git-github-com-odoo-odoo-git-18-0-24504174 odoo.modules.loading: loading records_management/views/records_document_field_label_helper_views.xml
2025-10-10 21:54:10,929 4 INFO john75suncity-ssh-git-github-com-odoo-odoo-git-18-0-24504174 odoo.modules.loading: loading records_management/views/records_installer_views.xml
2025-10-10 21:54:10,942 4 INFO john75suncity-ssh-git-github-com-odoo-odoo-git-18-0-24504174 odoo.modules.loading: loading records_management/views/records_inventory_dashboard_views.xml
2025-10-10 21:54:10,955 4 INFO john75suncity-ssh-git-github-com-odoo-odoo-git-18-0-24504174 odoo.modules.loading: loading records_management/views/records_location_inspection_line_views.xml
2025-10-10 21:54:10,970 4 INFO john75suncity-ssh-git-github-com-odoo-odoo-git-18-0-24504174 odoo.modules.loading: loading records_management/views/records_location_inspection_views.xml
2025-10-10 21:54:10,984 4 INFO john75suncity-ssh-git-github-com-odoo-odoo-git-18-0-24504174 odoo.modules.loading: loading records_management/views/records_location_views.xml
2025-10-10 21:54:11,012 4 INFO john75suncity-ssh-git-github-com-odoo-odoo-git-18-0-24504174 odoo.modules.loading: loading records_management/views/records_management_bale_views.xml
2025-10-10 21:54:11,027 4 INFO john75suncity-ssh-git-github-com-odoo-odoo-git-18-0-24504174 odoo.modules.loading: loading records_management/views/records_policy_version_views.xml
2025-10-10 21:54:11,044 4 INFO john75suncity-ssh-git-github-com-odoo-odoo-git-18-0-24504174 odoo.modules.loading: loading records_management/views/records_promotional_discount_views.xml
2025-10-10 21:54:11,058 4 INFO john75suncity-ssh-git-github-com-odoo-odoo-git-18-0-24504174 odoo.modules.loading: loading records_management/views/records_request_line_views.xml
2025-10-10 21:54:11,077 4 INFO john75suncity-ssh-git-github-com-odoo-odoo-git-18-0-24504174 odoo.modules.loading: loading records_management/views/records_request_type_views.xml
2025-10-10 21:54:11,093 4 INFO john75suncity-ssh-git-github-com-odoo-odoo-git-18-0-24504174 odoo.modules.loading: loading records_management/views/records_request_views.xml
2025-10-10 21:54:11,115 4 INFO john75suncity-ssh-git-github-com-odoo-odoo-git-18-0-24504174 odoo.modules.loading: loading records_management/views/records_retention_policy_views.xml
2025-10-10 21:54:11,152 4 INFO john75suncity-ssh-git-github-com-odoo-odoo-git-18-0-24504174 odoo.modules.loading: loading records_management/views/records_retention_rule_views.xml
2025-10-10 21:54:11,166 4 INFO john75suncity-ssh-git-github-com-odoo-odoo-git-18-0-24504174 odoo.modules.loading: loading records_management/views/records_retrieval_order_views.xml
2025-10-10 21:54:11,189 4 INFO john75suncity-ssh-git-github-com-odoo-odoo-git-18-0-24504174 odoo.modules.loading: loading records_management/views/records_security_audit_views.xml
2025-10-10 21:54:11,203 4 INFO john75suncity-ssh-git-github-com-odoo-odoo-git-18-0-24504174 odoo.modules.loading: loading records_management/views/records_series_views.xml
2025-10-10 21:54:11,221 4 INFO john75suncity-ssh-git-github-com-odoo-odoo-git-18-0-24504174 odoo.modules.loading: loading records_management/views/records_service_type_views.xml
2025-10-10 21:54:11,234 4 INFO john75suncity-ssh-git-github-com-odoo-odoo-git-18-0-24504174 odoo.modules.loading: loading records_management/views/records_storage_department_user_views.xml
2025-10-10 21:54:11,256 4 INFO john75suncity-ssh-git-github-com-odoo-odoo-git-18-0-24504174 odoo.modules.loading: loading records_management/views/records_survey_user_input_views.xml
2025-10-10 21:54:11,272 4 INFO john75suncity-ssh-git-github-com-odoo-odoo-git-18-0-24504174 odoo.modules.loading: loading records_management/views/records_tag_category_views.xml
2025-10-10 21:54:11,285 4 INFO john75suncity-ssh-git-github-com-odoo-odoo-git-18-0-24504174 odoo.modules.loading: loading records_management/views/records_tag_views.xml
2025-10-10 21:54:11,298 4 INFO john75suncity-ssh-git-github-com-odoo-odoo-git-18-0-24504174 odoo.modules.loading: loading records_management/views/records_usage_tracking_views.xml
2025-10-10 21:54:11,311 4 INFO john75suncity-ssh-git-github-com-odoo-odoo-git-18-0-24504174 odoo.modules.loading: loading records_management/views/revenue_analytic_views.xml
2025-10-10 21:54:11,324 4 INFO john75suncity-ssh-git-github-com-odoo-odoo-git-18-0-24504174 odoo.modules.loading: loading records_management/views/service_item_views.xml
2025-10-10 21:54:11,381 4 INFO john75suncity-ssh-git-github-com-odoo-odoo-git-18-0-24504174 odoo.modules.loading: loading records_management/views/shredding_service_photo_views.xml
2025-10-10 21:54:11,398 4 INFO john75suncity-ssh-git-github-com-odoo-odoo-git-18-0-24504174 odoo.modules.loading: loading records_management/views/document_retrieval_metrics_views.xml
2025-10-10 21:54:11,413 4 INFO john75suncity-ssh-git-github-com-odoo-odoo-git-18-0-24504174 odoo.modules.loading: loading records_management/views/revenue_forecast_line_views.xml
2025-10-10 21:54:11,475 4 INFO john75suncity-ssh-git-github-com-odoo-odoo-git-18-0-24504174 odoo.modules.loading: loading records_management/views/revenue_forecast_views.xml
2025-10-10 21:54:11,490 4 INFO john75suncity-ssh-git-github-com-odoo-odoo-git-18-0-24504174 odoo.modules.loading: loading records_management/views/revenue_forecaster_views.xml
2025-10-10 21:54:11,506 4 INFO john75suncity-ssh-git-github-com-odoo-odoo-git-18-0-24504174 odoo.modules.loading: loading records_management/views/rm_module_configurator_views.xml
2025-10-10 21:54:11,541 4 INFO john75suncity-ssh-git-github-com-odoo-odoo-git-18-0-24504174 odoo.modules.loading: loading records_management/views/shred_model_bin_views.xml
2025-10-10 21:54:11,561 4 INFO john75suncity-ssh-git-github-com-odoo-odoo-git-18-0-24504174 odoo.modules.loading: loading records_management/views/shredding_certificate_views.xml
2025-10-10 21:54:11,576 4 INFO john75suncity-ssh-git-github-com-odoo-odoo-git-18-0-24504174 odoo.modules.loading: loading records_management/views/shredding_hard_drive_views.xml
2025-10-10 21:54:11,611 4 INFO john75suncity-ssh-git-github-com-odoo-odoo-git-18-0-24504174 odoo.modules.loading: loading records_management/views/shredding_inventory_batch_views.xml
2025-10-10 21:54:11,626 4 INFO john75suncity-ssh-git-github-com-odoo-odoo-git-18-0-24504174 odoo.modules.loading: loading records_management/views/shredding_service_bin_views.xml
2025-10-10 21:54:11,655 4 INFO john75suncity-ssh-git-github-com-odoo-odoo-git-18-0-24504174 odoo.modules.loading: loading records_management/views/shredding_service_event_views.xml
2025-10-10 21:54:11,672 4 INFO john75suncity-ssh-git-github-com-odoo-odoo-git-18-0-24504174 odoo.modules.loading: loading records_management/views/shredding_service_views.xml
2025-10-10 21:54:11,693 4 INFO john75suncity-ssh-git-github-com-odoo-odoo-git-18-0-24504174 odoo.modules.loading: loading records_management/views/shredding_team_views.xml
2025-10-10 21:54:11,707 4 INFO john75suncity-ssh-git-github-com-odoo-odoo-git-18-0-24504174 odoo.modules.loading: loading records_management/views/stock_lot_views.xml
2025-10-10 21:54:11,736 4 INFO john75suncity-ssh-git-github-com-odoo-odoo-git-18-0-24504174 odoo.modules.loading: loading records_management/views/survey_feedback_theme_views.xml
2025-10-10 21:54:11,752 4 INFO john75suncity-ssh-git-github-com-odoo-odoo-git-18-0-24504174 odoo.modules.loading: loading records_management/views/survey_improvement_action_views.xml
2025-10-10 21:54:11,768 4 INFO john75suncity-ssh-git-github-com-odoo-odoo-git-18-0-24504174 odoo.modules.loading: loading records_management/views/temp_inventory_views.xml
2025-10-10 21:54:11,816 4 INFO john75suncity-ssh-git-github-com-odoo-odoo-git-18-0-24504174 odoo.modules.loading: loading records_management/views/work_order_coordinator_views.xml
2025-10-10 21:54:11,845 4 INFO john75suncity-ssh-git-github-com-odoo-odoo-git-18-0-24504174 odoo.modules.loading: loading records_management/views/workflow_visualization_manager_views.xml
2025-10-10 21:54:11,859 4 INFO john75suncity-ssh-git-github-com-odoo-odoo-git-18-0-24504174 odoo.modules.loading: loading records_management/views/records_container_views.xml
2025-10-10 21:54:11,899 4 INFO john75suncity-ssh-git-github-com-odoo-odoo-git-18-0-24504174 odoo.modules.loading: loading records_management/views/records_container_field_label_helper_views.xml
2025-10-10 21:54:11,904 4 INFO john75suncity-ssh-git-github-com-odoo-odoo-git-18-0-24504174 odoo.modules.loading: loading records_management/views/records_billing_config_views.xml
2025-10-10 21:54:11,948 4 INFO john75suncity-ssh-git-github-com-odoo-odoo-git-18-0-24504174 odoo.modules.loading: loading records_management/views/portal_request_views.xml
2025-10-10 21:54:11,984 4 INFO john75suncity-ssh-git-github-com-odoo-odoo-git-18-0-24504174 odoo.modules.loading: loading records_management/views/bin_key_views.xml
2025-10-10 21:54:12,006 4 INFO john75suncity-ssh-git-github-com-odoo-odoo-git-18-0-24504174 odoo.modules.loading: loading records_management/views/portal_feedback_analytic_views.xml
2025-10-10 21:54:12,022 4 INFO john75suncity-ssh-git-github-com-odoo-odoo-git-18-0-24504174 odoo.modules.loading: loading records_management/views/inventory_item_views.xml
2025-10-10 21:54:12,035 4 INFO john75suncity-ssh-git-github-com-odoo-odoo-git-18-0-24504174 odoo.modules.loading: loading records_management/views/res_partner_key_restriction_views.xml
2025-10-10 21:54:12,053 4 INFO john75suncity-ssh-git-github-com-odoo-odoo-git-18-0-24504174 odoo.modules.loading: loading records_management/views/res_users_records_profile_views.xml
2025-10-10 21:54:12,069 4 INFO john75suncity-ssh-git-github-com-odoo-odoo-git-18-0-24504174 odoo.modules.loading: loading records_management/views/records_management_menus.xml
2025-10-10 21:54:12,275 4 INFO john75suncity-ssh-git-github-com-odoo-odoo-git-18-0-24504174 odoo.modules.loading: loading records_management/views/service_item_menus.xml
2025-10-10 21:54:12,342 4 INFO john75suncity-ssh-git-github-com-odoo-odoo-git-18-0-24504174 odoo.modules.loading: loading records_management/views/document_retrieval_menus.xml
2025-10-10 21:54:12,352 4 INFO john75suncity-ssh-git-github-com-odoo-odoo-git-18-0-24504174 odoo.modules.loading: loading records_management/views/records_retrieval_work_order_views.xml
2025-10-10 21:54:12,375 4 INFO john75suncity-ssh-git-github-com-odoo-odoo-git-18-0-24504174 odoo.modules.loading: loading records_management/views/records_retrieval_work_order_menus.xml
2025-10-10 21:54:12,380 4 INFO john75suncity-ssh-git-github-com-odoo-odoo-git-18-0-24504174 odoo.modules.loading: loading records_management/templates/portal_certifications.xml
2025-10-10 21:54:12,393 4 INFO john75suncity-ssh-git-github-com-odoo-odoo-git-18-0-24504174 odoo.modules.loading: loading records_management/templates/portal_certificate_templates.xml
2025-10-10 21:54:12,399 4 INFO john75suncity-ssh-git-github-com-odoo-odoo-git-18-0-24504174 odoo.modules.loading: loading records_management/templates/portal_inventory_template.xml
2025-10-10 21:54:12,410 4 INFO john75suncity-ssh-git-github-com-odoo-odoo-git-18-0-24504174 odoo.modules.loading: loading records_management/templates/portal_barcode_row.xml
2025-10-10 21:54:12,414 4 INFO john75suncity-ssh-git-github-com-odoo-odoo-git-18-0-24504174 odoo.modules.loading: loading records_management/templates/portal_document_bulk_upload.xml
2025-10-10 21:54:12,418 4 INFO john75suncity-ssh-git-github-com-odoo-odoo-git-18-0-24504174 odoo.modules.loading: loading records_management/templates/portal_mobile_export.xml
2025-10-10 21:54:12,425 4 INFO john75suncity-ssh-git-github-com-odoo-odoo-git-18-0-24504174 odoo.modules.loading: loading records_management/templates/portal_mobile_inventory_template.xml
2025-10-10 21:54:12,431 4 INFO john75suncity-ssh-git-github-com-odoo-odoo-git-18-0-24504174 odoo.modules.loading: loading records_management/templates/portal_mobile_settings.xml
2025-10-10 21:54:12,437 4 INFO john75suncity-ssh-git-github-com-odoo-odoo-git-18-0-24504174 odoo.modules.loading: loading records_management/templates/portal_mobile_template.xml
2025-10-10 21:54:12,443 4 INFO john75suncity-ssh-git-github-com-odoo-odoo-git-18-0-24504174 odoo.modules.loading: loading records_management/templates/portal_work_order_templates.xml
2025-10-10 21:54:12,473 4 INFO john75suncity-ssh-git-github-com-odoo-odoo-git-18-0-24504174 odoo.modules.loading: Module records_management: loading demo
2025-10-10 21:54:12,474 4 INFO john75suncity-ssh-git-github-com-odoo-odoo-git-18-0-24504174 odoo.modules.loading: loading records_management/demo/customer_inventory_demo.xml
2025-10-10 21:54:12,535 4 ERROR john75suncity-ssh-git-github-com-odoo-odoo-git-18-0-24504174 odoo.sql_db: bad query: b'INSERT INTO "records_department" ("active", "code", "company_id", "create_date", "create_uid", "name", "partner_id", "state", "user_id", "write_date", "write_uid") VALUES (true, \'BP-GEN\', 1, \'2025-10-10 21:53:53.486750\', 1, \'General Business Records\', 64, \'draft\', 1, \'2025-10-10 21:53:53.486750\', 1) RETURNING "id"'
ERROR: duplicate key value violates unique constraint "records_department_name_company_uniq"
DETAIL:  Key (name, company_id)=(General Business Records, 1) already exists.
 2025-10-10 21:54:12,540 4 WARNING john75suncity-ssh-git-github-com-odoo-odoo-git-18-0-24504174 odoo.modules.loading: Module records_management demo data failed to install, installed without demo data
Traceback (most recent call last):
  File "/home/odoo/src/odoo/odoo/tools/convert.py", line 544, in _tag_root
    f(rec)
  File "/home/odoo/src/odoo/odoo/tools/convert.py", line 444, in _tag_record
    record = model._load_records([data], self.mode == 'update')
             ^^^^^^^^^^^^^^^^^^^^^^^^^^^^^^^^^^^^^^^^^^^^^^^^^^
  File "/home/odoo/src/odoo/odoo/models.py", line 5525, in _load_records
    records = self._load_records_create([data['values'] for data in to_create])
              ^^^^^^^^^^^^^^^^^^^^^^^^^^^^^^^^^^^^^^^^^^^^^^^^^^^^^^^^^^^^^^^^^
  File "/home/odoo/src/odoo/odoo/models.py", line 5429, in _load_records_create
    records = self.create(vals_list)
              ^^^^^^^^^^^^^^^^^^^^^^
  File "<decorator-gen-53>", line 2, in create
File "/home/odoo/src/odoo/odoo/api.py", line 498, in _model_create_multi
    return create(self, arg)
           ^^^^^^^^^^^^^^^^^
  File "/home/odoo/src/odoo/addons/mail/models/mail_thread.py", line 286, in create
    threads = super(MailThread, self).create(vals_list)
              ^^^^^^^^^^^^^^^^^^^^^^^^^^^^^^^^^^^^^^^^^
  File "<decorator-gen-0>", line 2, in create
  File "/home/odoo/src/odoo/odoo/api.py", line 498, in _model_create_multi
    return create(self, arg)
           ^^^^^^^^^^^^^^^^^
  File "/home/odoo/src/odoo/odoo/models.py", line 5033, in create
    records = self._create(data_list)
              ^^^^^^^^^^^^^^^^^^^^^^^
  File "/home/odoo/src/odoo/odoo/models.py", line 5217, in _create
    cr.execute(SQL(
  File "/home/odoo/src/odoo/odoo/sql_db.py", line 357, in execute
    res = self._obj.execute(query, params)
          ^^^^^^^^^^^^^^^^^^^^^^^^^^^^^^^^
psycopg2.errors.UniqueViolation: duplicate key value violates unique constraint "records_department_name_company_uniq"
DETAIL:  Key (name, company_id)=(General Business Records, 1) already exists.


The above exception was the direct cause of the following exception:

Traceback (most recent call last):
  File "/home/odoo/src/odoo/odoo/modules/loading.py", line 90, in load_demo
    load_data(env(su=True), idref, mode, kind='demo', package=package)
  File "/home/odoo/src/odoo/odoo/modules/loading.py", line 72, in load_data
    tools.convert_file(env, package.name, filename, idref, mode, noupdate, kind)
  File "/home/odoo/src/odoo/odoo/tools/convert.py", line 615, in convert_file
    convert_xml_import(env, module, fp, idref, mode, noupdate)
  File "/home/odoo/src/odoo/odoo/tools/convert.py", line 686, in convert_xml_import
    obj.parse(doc.getroot())
  File "/home/odoo/src/odoo/odoo/tools/convert.py", line 601, in parse
    self._tag_root(de)
  File "/home/odoo/src/odoo/odoo/tools/convert.py", line 544, in _tag_root
    f(rec)
  File "/home/odoo/src/odoo/odoo/tools/convert.py", line 557, in _tag_root
    raise ParseError('while parsing %s:%s, somewhere inside\n%s' % (
odoo.tools.convert.ParseError: while parsing /home/odoo/src/user/records_management/demo/customer_inventory_demo.xml:119, somewhere inside
<record id="dept_bio_pappel_general" model="records.department">
            <field name="name">General Business Records</field>
            <field name="code">BP-GEN</field>
            <field name="partner_id" ref="customer_bio_pappel"/>

 2025-10-10 21:56:10,031 4 INFO john75suncity-ssh-git-github-com-odoo-odoo-git-18-0-24504174 odoo.addons.base.tests.test_reports: Report PDF in: /tmp/odoo_tests/john75suncity-ssh-git-github-com-odoo-odoo-git-18-0-24504174/screenshots/pdf_20251010_215610_031091_test_no_clip.pdf
2025-10-10 21:56:10,031 4 INFO john75suncity-ssh-git-github-com-odoo-odoo-git-18-0-24504174 odoo.addons.base.tests.test_reports: ======================================================================
2025-10-10 21:56:10,031 4 ERROR john75suncity-ssh-git-github-com-odoo-odoo-git-18-0-24504174 odoo.addons.base.tests.test_reports: FAIL: TestReportsRenderingLimitations.test_no_clip
Traceback (most recent call last):
  File "/home/odoo/src/odoo/odoo/addons/base/tests/test_reports.py", line 583, in test_no_clip
    self.assertEqual(len(page), 3, "Expecting 3 box per page, Header, body, footer")
AssertionError: 21 != 3 : Expecting 3 box per page, Header, body, footer
 2025-10-10 21:56:41,714 4 INFO john75suncity-ssh-git-github-com-odoo-odoo-git-18-0-24504174 odoo.addons.base.tests.test_res_users: Starting TestUsers2.test_read_list_with_reified_field ...
2025-10-10 21:56:41,778 4 INFO john75suncity-ssh-git-github-com-odoo-odoo-git-18-0-24504174 odoo.addons.base.tests.test_res_users: Starting TestUsers2.test_reified_groups ...
2025-10-10 21:56:42,040 4 INFO john75suncity-ssh-git-github-com-odoo-odoo-git-18-0-24504174 odoo.addons.base.tests.test_res_users: ======================================================================
2025-10-10 21:56:42,040 4 ERROR john75suncity-ssh-git-github-com-odoo-odoo-git-18-0-24504174 odoo.addons.base.tests.test_res_users: FAIL: TestUsers2.test_reified_groups
Traceback (most recent call last):
  File "/home/odoo/src/odoo/odoo/addons/base/tests/test_res_users.py", line 284, in test_reified_groups
    self.assertEqual(default_user.groups_id, user.groups_id)
AssertionError: res.groups(8, 69, 18, 109, 26, 99, 59, 31, 97, 47, 86, [166 chars], 95) != res.groups(8, 31, 26, 47, 99, 69, 37, 55, 18, 86, 50, 9[171 chars], 95)

2025-10-10 21:57:21,939 4 INFO john75suncity-ssh-git-github-com-odoo-odoo-git-18-0-24504174 odoo.addons.base.tests.test_views: Starting TestRenderAllViews.test_render_all_views ...
2025-10-10 21:57:28,060 4 INFO john75suncity-ssh-git-github-com-odoo-odoo-git-18-0-24504174 odoo.addons.base.tests.test_views: ======================================================================
2025-10-10 21:57:28,060 4 ERROR john75suncity-ssh-git-github-com-odoo-odoo-git-18-0-24504174 odoo.addons.base.tests.test_views: ERROR: Subtest TestRenderAllViews.test_render_all_views (model=records.container(), login='demo')
Traceback (most recent call last):
  File "/home/odoo/src/odoo/odoo/tools/cache.py", line 103, in lookup
    r = d[key]
        ~^^^^^
  File "/usr/lib/python3/dist-packages/decorator.py", line 232, in fun
    return caller(func, *(extras + args), **kw)
           ^^^^^^^^^^^^^^^^^^^^^^^^^^^^^^^^^^^^
  File "/home/odoo/src/odoo/odoo/tools/func.py", line 97, in locked
    return func(inst, *args, **kwargs)
           ^^^^^^^^^^^^^^^^^^^^^^^^^^^
  File "/home/odoo/src/odoo/odoo/tools/lru.py", line 33, in __getitem__
    a = self.d[obj]
        ~~~~~~^^^^^
KeyError: ('records.container', <function Model._get_view_cache at 0x7715a9228a40>, (None, 'form', None, 'en_US'))

During handling of the above exception, another exception occurred:

Traceback (most recent call last):
  File "/home/odoo/src/odoo/odoo/addons/base/models/ir_ui_view.py", line 2702, in _get_view
    arch = getattr(self, '_get_default_%s_view' % view_type)()
           ^^^^^^^^^^^^^^^^^^^^^^^^^^^^^^^^^^^^^^^^^^^^^^^^^
AttributeError: 'records.container.movement' object has no attribute '_get_default_tree_view'. Did you mean: '_get_default_form_view'?

During handling of the above exception, another exception occurred:

Traceback (most recent call last):
  File "<decorator-gen-38>", line 2, in test_render_all_views
  File "/home/odoo/src/odoo/odoo/tests/common.py", line 2344, in _users
    func(*args, **kwargs)
  File "/home/odoo/src/odoo/odoo/addons/base/tests/test_views.py", line 4382, in test_render_all_views
    model.get_view()
  File "/home/odoo/src/odoo/odoo/addons/base/models/ir_ui_view.py", line 2817, in get_view
    result = dict(self._get_view_cache(view_id, view_type, **options))
                  ^^^^^^^^^^^^^^^^^^^^^^^^^^^^^^^^^^^^^^^^^^^^^^^^^^^
  File "/usr/lib/python3/dist-packages/decorator.py", line 232, in fun
    return caller(func, *(extras + args), **kw)
           ^^^^^^^^^^^^^^^^^^^^^^^^^^^^^^^^^^^^
  File "/home/odoo/src/odoo/odoo/tools/cache.py", line 110, in lookup
    value = d[key] = self.method(*args, **kwargs)
                     ^^^^^^^^^^^^^^^^^^^^^^^^^^^^
  File "/home/odoo/src/odoo/odoo/addons/base/models/ir_ui_view.py", line 2776, in _get_view_cache
    arch, models = self._get_view_postprocessed(view, arch, **options)
                   ^^^^^^^^^^^^^^^^^^^^^^^^^^^^^^^^^^^^^^^^^^^^^^^^^^^
  File "/home/odoo/src/odoo/odoo/addons/base/models/ir_ui_view.py", line 2728, in _get_view_postprocessed
    return view.postprocess_and_fields(arch, model=self._name, **options)
           ^^^^^^^^^^^^^^^^^^^^^^^^^^^^^^^^^^^^^^^^^^^^^^^^^^^^^^^^^^^^^^
  File "/home/odoo/src/odoo/odoo/addons/base/models/ir_ui_view.py", line 1001, in postprocess_and_fields
    name_manager = self._postprocess_view(node, model or self.model, **options)
                   ^^^^^^^^^^^^^^^^^^^^^^^^^^^^^^^^^^^^^^^^^^^^^^^^^^^^^^^^^^^^
  File "/home/odoo/src/odoo/odoo/addons/base/models/ir_ui_view.py", line 1141, in _postprocess_view
    postprocessor(node, name_manager, node_info)
  File "/home/odoo/src/odoo/odoo/addons/base/models/ir_ui_view.py", line 1315, in _postprocess_tag_field
    for arch, _view in self._get_x2many_missing_view_archs(field, node, node_info):
                       ^^^^^^^^^^^^^^^^^^^^^^^^^^^^^^^^^^^^^^^^^^^^^^^^^^^^^^^^^^^
  File "/home/odoo/src/odoo/odoo/addons/base/models/ir_ui_view.py", line 1270, in _get_x2many_missing_view_archs
    return [comodel._get_view(view_type=view_type) for view_type in missing_view_types]
            ^^^^^^^^^^^^^^^^^^^^^^^^^^^^^^^^^^^^^^
  File "/home/odoo/src/odoo/odoo/addons/base/models/ir_ui_view.py", line 2704, in _get_view
    raise UserError(_("No default view of type '%s' could be found!", view_type))
odoo.exceptions.UserError: No default view of type 'tree' could be found!

2025-10-10 21:57:28,210 4 INFO john75suncity-ssh-git-github-com-odoo-odoo-git-18-0-24504174 odoo.addons.base.tests.test_views: ======================================================================
2025-10-10 21:57:28,210 4 ERROR john75suncity-ssh-git-github-com-odoo-odoo-git-18-0-24504174 odoo.addons.base.tests.test_views: ERROR: Subtest TestRenderAllViews.test_render_all_views (model=records.department.billing.contact(), login='demo')
Traceback (most recent call last):
  File "/home/odoo/src/odoo/odoo/tools/cache.py", line 103, in lookup
    r = d[key]
        ~^^^^^
  File "/usr/lib/python3/dist-packages/decorator.py", line 232, in fun
    return caller(func, *(extras + args), **kw)
           ^^^^^^^^^^^^^^^^^^^^^^^^^^^^^^^^^^^^
  File "/home/odoo/src/odoo/odoo/tools/func.py", line 97, in locked
    return func(inst, *args, **kwargs)
           ^^^^^^^^^^^^^^^^^^^^^^^^^^^
  File "/home/odoo/src/odoo/odoo/tools/lru.py", line 33, in __getitem__
    a = self.d[obj]
        ~~~~~~^^^^^
KeyError: ('records.department.billing.contact', <function Model._get_view_cache at 0x7715a9228a40>, (None, 'form', None, 'en_US'))

During handling of the above exception, another exception occurred:

Traceback (most recent call last):
  File "/home/odoo/src/odoo/odoo/addons/base/models/ir_ui_view.py", line 2702, in _get_view
    arch = getattr(self, '_get_default_%s_view' % view_type)()
           ^^^^^^^^^^^^^^^^^^^^^^^^^^^^^^^^^^^^^^^^^^^^^^^^^
AttributeError: 'records.department.billing.approval' object has no attribute '_get_default_tree_view'. Did you mean: '_get_default_form_view'?

During handling of the above exception, another exception occurred:

Traceback (most recent call last):
  File "<decorator-gen-38>", line 2, in test_render_all_views
  File "/home/odoo/src/odoo/odoo/tests/common.py", line 2344, in _users
    func(*args, **kwargs)
  File "/home/odoo/src/odoo/odoo/addons/base/tests/test_views.py", line 4382, in test_render_all_views
    model.get_view()
  File "/home/odoo/src/odoo/odoo/addons/base/models/ir_ui_view.py", line 2817, in get_view
    result = dict(self._get_view_cache(view_id, view_type, **options))
                  ^^^^^^^^^^^^^^^^^^^^^^^^^^^^^^^^^^^^^^^^^^^^^^^^^^^
  File "/usr/lib/python3/dist-packages/decorator.py", line 232, in fun
    return caller(func, *(extras + args), **kw)
           ^^^^^^^^^^^^^^^^^^^^^^^^^^^^^^^^^^^^
  File "/home/odoo/src/odoo/odoo/tools/cache.py", line 110, in lookup
    value = d[key] = self.method(*args, **kwargs)
                     ^^^^^^^^^^^^^^^^^^^^^^^^^^^^
  File "/home/odoo/src/odoo/odoo/addons/base/models/ir_ui_view.py", line 2776, in _get_view_cache
    arch, models = self._get_view_postprocessed(view, arch, **options)
                   ^^^^^^^^^^^^^^^^^^^^^^^^^^^^^^^^^^^^^^^^^^^^^^^^^^^
  File "/home/odoo/src/odoo/odoo/addons/base/models/ir_ui_view.py", line 2728, in _get_view_postprocessed
 return view.postprocess_and_fields(arch, model=self._name, **options)
           ^^^^^^^^^^^^^^^^^^^^^^^^^^^^^^^^^^^^^^^^^^^^^^^^^^^^^^^^^^^^^^
  File "/home/odoo/src/odoo/odoo/addons/base/models/ir_ui_view.py", line 1001, in postprocess_and_fields
    name_manager = self._postprocess_view(node, model or self.model, **options)
                   ^^^^^^^^^^^^^^^^^^^^^^^^^^^^^^^^^^^^^^^^^^^^^^^^^^^^^^^^^^^^
  File "/home/odoo/src/odoo/odoo/addons/base/models/ir_ui_view.py", line 1141, in _postprocess_view
    postprocessor(node, name_manager, node_info)
  File "/home/odoo/src/odoo/odoo/addons/base/models/ir_ui_view.py", line 1315, in _postprocess_tag_field
    for arch, _view in self._get_x2many_missing_view_archs(field, node, node_info):
                       ^^^^^^^^^^^^^^^^^^^^^^^^^^^^^^^^^^^^^^^^^^^^^^^^^^^^^^^^^^^
  File "/home/odoo/src/odoo/odoo/addons/base/models/ir_ui_view.py", line 1270, in _get_x2many_missing_view_archs
    return [comodel._get_view(view_type=view_type) for view_type in missing_view_types]
            ^^^^^^^^^^^^^^^^^^^^^^^^^^^^^^^^^^^^^^
  File "/home/odoo/src/odoo/odoo/addons/base/models/ir_ui_view.py", line 2704, in _get_view
    raise UserError(_("No default view of type '%s' could be found!", view_type))
odoo.exceptions.UserError: No default view of type 'tree' could be found!

2025-10-10 21:57:28,378 4 INFO john75suncity-ssh-git-github-com-odoo-odoo-git-18-0-24504174 odoo.addons.base.tests.test_views: ======================================================================
2025-10-10 21:57:28,378 4 ERROR john75suncity-ssh-git-github-com-odoo-odoo-git-18-0-24504174 odoo.addons.base.tests.test_views: ERROR: Subtest TestRenderAllViews.test_render_all_views (model=records.location(), login='demo')
Traceback (most recent call last):
  File "/home/odoo/src/odoo/odoo/tools/cache.py", line 103, in lookup
    r = d[key]
        ~^^^^^
  File "/usr/lib/python3/dist-packages/decorator.py", line 232, in fun
    return caller(func, *(extras + args), **kw)
           ^^^^^^^^^^^^^^^^^^^^^^^^^^^^^^^^^^^^
  File "/home/odoo/src/odoo/odoo/tools/func.py", line 97, in locked
    return func(inst, *args, **kwargs)
           ^^^^^^^^^^^^^^^^^^^^^^^^^^^
  File "/home/odoo/src/odoo/odoo/tools/lru.py", line 33, in __getitem__
    a = self.d[obj]
        ~~~~~~^^^^^
KeyError: ('records.location', <function Model._get_view_cache at 0x7715a9228a40>, (None, 'form', None, 'en_US'))

During handling of the above exception, another exception occurred:

Traceback (most recent call last):
  File "/home/odoo/src/odoo/odoo/addons/base/models/ir_ui_view.py", line 2702, in _get_view
    arch = getattr(self, '_get_default_%s_view' % view_type)()
           ^^^^^^^^^^^^^^^^^^^^^^^^^^^^^^^^^^^^^^^^^^^^^^^^^
AttributeError: 'records.container' object has no attribute '_get_default_tree_view'. Did you mean: '_get_default_form_view'?

During handling of the above exception, another exception occurred:

Traceback (most recent call last):
  File "<decorator-gen-38>", line 2, in test_render_all_views
  File "/home/odoo/src/odoo/odoo/tests/common.py", line 2344, in _users
    func(*args, **kwargs)
  File "/home/odoo/src/odoo/odoo/addons/base/tests/test_views.py", line 4382, in test_render_all_views
    model.get_view()
  File "/home/odoo/src/odoo/odoo/addons/base/models/ir_ui_view.py", line 2817, in get_view
    result = dict(self._get_view_cache(view_id, view_type, **options))
                  ^^^^^^^^^^^^^^^^^^^^^^^^^^^^^^^^^^^^^^^^^^^^^^^^^^^
  File "/usr/lib/python3/dist-packages/decorator.py", line 232, in fun
    return caller(func, *(extras + args), **kw)
           ^^^^^^^^^^^^^^^^^^^^^^^^^^^^^^^^^^^^
  File "/home/odoo/src/odoo/odoo/tools/cache.py", line 110, in lookup
    value = d[key] = self.method(*args, **kwargs)
                     ^^^^^^^^^^^^^^^^^^^^^^^^^^^^
  File "/home/odoo/src/odoo/odoo/addons/base/models/ir_ui_view.py", line 2776, in _get_view_cache
    arch, models = self._get_view_postprocessed(view, arch, **options)
                   ^^^^^^^^^^^^^^^^^^^^^^^^^^^^^^^^^^^^^^^^^^^^^^^^^^^
  File "/home/odoo/src/odoo/odoo/addons/base/models/ir_ui_view.py", line 2728, in _get_view_postprocessed
    return view.postprocess_and_fields(arch, model=self._name, **options)
           ^^^^^^^^^^^^^^^^^^^^^^^^^^^^^^^^^^^^^^^^^^^^^^^^^^^^^^^^^^^^^^
  File "/home/odoo/src/odoo/odoo/addons/base/models/ir_ui_view.py", line 1001, in postprocess_and_fields
    name_manager = self._postprocess_view(node, model or self.model, **options)
                   ^^^^^^^^^^^^^^^^^^^^^^^^^^^^^^^^^^^^^^^^^^^^^^^^^^^^^^^^^^^^
  File "/home/odoo/src/odoo/odoo/addons/base/models/ir_ui_view.py", line 1141, in _postprocess_view
    postprocessor(node, name_manager, node_info)
  File "/home/odoo/src/odoo/odoo/addons/base/models/ir_ui_view.py", line 1315, in _postprocess_tag_field
    for arch, _view in self._get_x2many_missing_view_archs(field, node, node_info):
                       ^^^^^^^^^^^^^^^^^^^^^^^^^^^^^^^^^^^^^^^^^^^^^^^^^^^^^^^^^^^
  File "/home/odoo/src/odoo/odoo/addons/base/models/ir_ui_view.py", line 1270, in _get_x2many_missing_view_archs
    return [comodel._get_view(view_type=view_type) for view_type in missing_view_types]
            ^^^^^^^^^^^^^^^^^^^^^^^^^^^^^^^^^^^^^^
  File "/home/odoo/src/odoo/odoo/addons/base/models/ir_ui_view.py", line 2704, in _get_view
    raise UserError(_("No default view of type '%s' could be found!", view_type))
odoo.exceptions.UserError: No default view of type 'tree' could be found!

2025-10-10 21:57:28,380 4 ERROR john75suncity-ssh-git-github-com-odoo-odoo-git-18-0-24504174 odoo.tests.result: Test suite halted: max failed tests already reached (5). Remaining tests will be skipped.
2025-10-10 21:57:30,052 4 INFO john75suncity-ssh-git-github-com-odoo-odoo-git-18-0-24504174 odoo.addons.base.tests.test_views: Rendered 708 views as Marc Demo using (best of 5) 0.27721735346131027s
2025-10-10 21:57:32,059 4 INFO john75suncity-ssh-git-github-com-odoo-odoo-git-18-0-24504174 odoo.addons.base.tests.test_views: ======================================================================
2025-10-10 21:57:32,059 4 ERROR john75suncity-ssh-git-github-com-odoo-odoo-git-18-0-24504174 odoo.addons.base.tests.test_views: ERROR: Subtest TestRenderAllViews.test_render_all_views (model=records.container(), login='admin')
Traceback (most recent call last):
  File "/home/odoo/src/odoo/odoo/tools/cache.py", line 103, in lookup
    r = d[key]
        ~^^^^^
  File "/usr/lib/python3/dist-packages/decorator.py", line 232, in fun
    return caller(func, *(extras + args), **kw)
           ^^^^^^^^^^^^^^^^^^^^^^^^^^^^^^^^^^^^
  File "/home/odoo/src/odoo/odoo/tools/func.py", line 97, in locked
    return func(inst, *args, **kwargs)
           ^^^^^^^^^^^^^^^^^^^^^^^^^^^
  File "/home/odoo/src/odoo/odoo/tools/lru.py", line 33, in __getitem__
    a = self.d[obj]
        ~~~~~~^^^^^
KeyError: ('records.container', <function Model._get_view_cache at 0x7715a9228a40>, (None, 'form', None, 'en_US'))

During handling of the above exception, another exception occurred:

Traceback (most recent call last):
  File "/home/odoo/src/odoo/odoo/addons/base/models/ir_ui_view.py", line 2702, in _get_view
    arch = getattr(self, '_get_default_%s_view' % view_type)()
           ^^^^^^^^^^^^^^^^^^^^^^^^^^^^^^^^^^^^^^^^^^^^^^^^^
AttributeError: 'records.container.movement' object has no attribute '_get_default_tree_view'. Did you mean: '_get_default_form_view'?

During handling of the above exception, another exception occurred:

Traceback (most recent call last):
  File "<decorator-gen-38>", line 2, in test_render_all_views
  File "/home/odoo/src/odoo/odoo/tests/common.py", line 2344, in _users
    func(*args, **kwargs)
  File "/home/odoo/src/odoo/odoo/addons/base/tests/test_views.py", line 4382, in test_render_all_views
    model.get_view()
  File "/home/odoo/src/odoo/odoo/addons/base/models/ir_ui_view.py", line 2817, in get_view
    result = dict(self._get_view_cache(view_id, view_type, **options))
                  ^^^^^^^^^^^^^^^^^^^^^^^^^^^^^^^^^^^^^^^^^^^^^^^^^^^
  File "/usr/lib/python3/dist-packages/decorator.py", line 232, in fun
    return caller(func, *(extras + args), **kw)
           ^^^^^^^^^^^^^^^^^^^^^^^^^^^^^^^^^^^^
  File "/home/odoo/src/odoo/odoo/tools/cache.py", line 110, in lookup
    value = d[key] = self.method(*args, **kwargs)
                     ^^^^^^^^^^^^^^^^^^^^^^^^^^^^
  File "/home/odoo/src/odoo/odoo/addons/base/models/ir_ui_view.py", line 2776, in _get_view_cache
    arch, models = self._get_view_postprocessed(view, arch, **options)
                   ^^^^^^^^^^^^^^^^^^^^^^^^^^^^^^^^^^^^^^^^^^^^^^^^^^^
  File "/home/odoo/src/odoo/odoo/addons/base/models/ir_ui_view.py", line 2728, in _get_view_postprocessed
    return view.postprocess_and_fields(arch, model=self._name, **options)
           ^^^^^^^^^^^^^^^^^^^^^^^^^^^^^^^^^^^^^^^^^^^^^^^^^^^^^^^^^^^^^^
  File "/home/odoo/src/odoo/odoo/addons/base/models/ir_ui_view.py", line 1001, in postprocess_and_fields
    name_manager = self._postprocess_view(node, model or self.model, **options)
                   ^^^^^^^^^^^^^^^^^^^^^^^^^^^^^^^^^^^^^^^^^^^^^^^^^^^^^^^^^^^^
  File "/home/odoo/src/odoo/odoo/addons/base/models/ir_ui_view.py", line 1141, in _postprocess_view
    postprocessor(node, name_manager, node_info)
  File "/home/odoo/src/odoo/odoo/addons/base/models/ir_ui_view.py", line 1315, in _postprocess_tag_field
    for arch, _view in self._get_x2many_missing_view_archs(field, node, node_info):
                       ^^^^^^^^^^^^^^^^^^^^^^^^^^^^^^^^^^^^^^^^^^^^^^^^^^^^^^^^^^^
  File "/home/odoo/src/odoo/odoo/addons/base/models/ir_ui_view.py", line 1270, in _get_x2many_missing_view_archs
    return [comodel._get_view(view_type=view_type) for view_type in missing_view_types]
            ^^^^^^^^^^^^^^^^^^^^^^^^^^^^^^^^^^^^^^
  File "/home/odoo/src/odoo/odoo/addons/base/models/ir_ui_view.py", line 2704, in _get_view
raise UserError(_("No default view of type '%s' could be found!", view_type))
odoo.exceptions.UserError: No default view of type 'tree' could be found!
2025-10-10 21:57:32,098 4 INFO john75suncity-ssh-git-github-com-odoo-odoo-git-18-0-24504174 odoo.addons.base.tests.test_views: ======================================================================
2025-10-10 21:57:32,098 4 ERROR john75suncity-ssh-git-github-com-odoo-odoo-git-18-0-24504174 odoo.addons.base.tests.test_views: ERROR: Subtest TestRenderAllViews.test_render_all_views (model=records.department.billing.contact(), login='admin')
Traceback (most recent call last):
  File "/home/odoo/src/odoo/odoo/tools/cache.py", line 103, in lookup
    r = d[key]
        ~^^^^^
  File "/usr/lib/python3/dist-packages/decorator.py", line 232, in fun
    return caller(func, *(extras + args), **kw)
           ^^^^^^^^^^^^^^^^^^^^^^^^^^^^^^^^^^^^
  File "/home/odoo/src/odoo/odoo/tools/func.py", line 97, in locked
    return func(inst, *args, **kwargs)
           ^^^^^^^^^^^^^^^^^^^^^^^^^^^
  File "/home/odoo/src/odoo/odoo/tools/lru.py", line 33, in __getitem__
    a = self.d[obj]
        ~~~~~~^^^^^
KeyError: ('records.department.billing.contact', <function Model._get_view_cache at 0x7715a9228a40>, (None, 'form', None, 'en_US'))

During handling of the above exception, another exception occurred:

Traceback (most recent call last):
  File "/home/odoo/src/odoo/odoo/addons/base/models/ir_ui_view.py", line 2702, in _get_view
    arch = getattr(self, '_get_default_%s_view' % view_type)()
           ^^^^^^^^^^^^^^^^^^^^^^^^^^^^^^^^^^^^^^^^^^^^^^^^^
AttributeError: 'records.department.billing.approval' object has no attribute '_get_default_tree_view'. Did you mean: '_get_default_form_view'?

During handling of the above exception, another exception occurred:

Traceback (most recent call last):
  File "<decorator-gen-38>", line 2, in test_render_all_views
  File "/home/odoo/src/odoo/odoo/tests/common.py", line 2344, in _users
    func(*args, **kwargs)
  File "/home/odoo/src/odoo/odoo/addons/base/tests/test_views.py", line 4382, in test_render_all_views
    model.get_view()
  File "/home/odoo/src/odoo/odoo/addons/base/models/ir_ui_view.py", line 2817, in get_view
    result = dict(self._get_view_cache(view_id, view_type, **options))
                  ^^^^^^^^^^^^^^^^^^^^^^^^^^^^^^^^^^^^^^^^^^^^^^^^^^^
  File "/usr/lib/python3/dist-packages/decorator.py", line 232, in fun
    return caller(func, *(extras + args), **kw)
           ^^^^^^^^^^^^^^^^^^^^^^^^^^^^^^^^^^^^
  File "/home/odoo/src/odoo/odoo/tools/cache.py", line 110, in lookup
    value = d[key] = self.method(*args, **kwargs)
                     ^^^^^^^^^^^^^^^^^^^^^^^^^^^^
  File "/home/odoo/src/odoo/odoo/addons/base/models/ir_ui_view.py", line 2776, in _get_view_cache
    arch, models = self._get_view_postprocessed(view, arch, **options)
                   ^^^^^^^^^^^^^^^^^^^^^^^^^^^^^^^^^^^^^^^^^^^^^^^^^^^
  File "/home/odoo/src/odoo/odoo/addons/base/models/ir_ui_view.py", line 2728, in _get_view_postprocessed
    return view.postprocess_and_fields(arch, model=self._name, **options)
           ^^^^^^^^^^^^^^^^^^^^^^^^^^^^^^^^^^^^^^^^^^^^^^^^^^^^^^^^^^^^^^
  File "/home/odoo/src/odoo/odoo/addons/base/models/ir_ui_view.py", line 1001, in postprocess_and_fields
    name_manager = self._postprocess_view(node, model or self.model, **options)
                   ^^^^^^^^^^^^^^^^^^^^^^^^^^^^^^^^^^^^^^^^^^^^^^^^^^^^^^^^^^^^
  File "/home/odoo/src/odoo/odoo/addons/base/models/ir_ui_view.py", line 1141, in _postprocess_view
    postprocessor(node, name_manager, node_info)
  File "/home/odoo/src/odoo/odoo/addons/base/models/ir_ui_view.py", line 1315, in _postprocess_tag_field
    for arch, _view in self._get_x2many_missing_view_archs(field, node, node_info):
                       ^^^^^^^^^^^^^^^^^^^^^^^^^^^^^^^^^^^^^^^^^^^^^^^^^^^^^^^^^^^
  File "/home/odoo/src/odoo/odoo/addons/base/models/ir_ui_view.py", line 1270, in _get_x2many_missing_view_archs
    return [comodel._get_view(view_type=view_type) for view_type in missing_view_types]
            ^^^^^^^^^^^^^^^^^^^^^^^^^^^^^^^^^^^^^^
  File "/home/odoo/src/odoo/odoo/addons/base/models/ir_ui_view.py", line 2704, in _get_view
    raise UserError(_("No default view of type '%s' could be found!", view_type))
odoo.exceptions.UserError: No default view of type 'tree' could be found!
2025-10-10 21:57:32,140 4 INFO john75suncity-ssh-git-github-com-odoo-odoo-git-18-0-24504174 odoo.addons.base.tests.test_views: ======================================================================
2025-10-10 21:57:32,140 4 ERROR john75suncity-ssh-git-github-com-odoo-odoo-git-18-0-24504174 odoo.addons.base.tests.test_views: ERROR: Subtest TestRenderAllViews.test_render_all_views (model=records.location(), login='admin')
Traceback (most recent call last):
  File "/home/odoo/src/odoo/odoo/tools/cache.py", line 103, in lookup
    r = d[key]
        ~^^^^^
  File "/usr/lib/python3/dist-packages/decorator.py", line 232, in fun
    return caller(func, *(extras + args), **kw)
           ^^^^^^^^^^^^^^^^^^^^^^^^^^^^^^^^^^^^
  File "/home/odoo/src/odoo/odoo/tools/func.py", line 97, in locked
    return func(inst, *args, **kwargs)
           ^^^^^^^^^^^^^^^^^^^^^^^^^^^
  File "/home/odoo/src/odoo/odoo/tools/lru.py", line 33, in __getitem__
    a = self.d[obj]
        ~~~~~~^^^^^
KeyError: ('records.location', <function Model._get_view_cache at 0x7715a9228a40>, (None, 'form', None, 'en_US'))

During handling of the above exception, another exception occurred:

Traceback (most recent call last):
  File "/home/odoo/src/odoo/odoo/addons/base/models/ir_ui_view.py", line 2702, in _get_view
    arch = getattr(self, '_get_default_%s_view' % view_type)()
           ^^^^^^^^^^^^^^^^^^^^^^^^^^^^^^^^^^^^^^^^^^^^^^^^^
AttributeError: 'records.container' object has no attribute '_get_default_tree_view'. Did you mean: '_get_default_form_view'?

During handling of the above exception, another exception occurred:

Traceback (most recent call last):
  File "<decorator-gen-38>", line 2, in test_render_all_views
  File "/home/odoo/src/odoo/odoo/tests/common.py", line 2344, in _users
    func(*args, **kwargs)
  File "/home/odoo/src/odoo/odoo/addons/base/tests/test_views.py", line 4382, in test_render_all_views
    model.get_view()
  File "/home/odoo/src/odoo/odoo/addons/base/models/ir_ui_view.py", line 2817, in get_view
    result = dict(self._get_view_cache(view_id, view_type, **options))
                  ^^^^^^^^^^^^^^^^^^^^^^^^^^^^^^^^^^^^^^^^^^^^^^^^^^^
  File "/usr/lib/python3/dist-packages/decorator.py", line 232, in fun
    return caller(func, *(extras + args), **kw)
           ^^^^^^^^^^^^^^^^^^^^^^^^^^^^^^^^^^^^
  File "/home/odoo/src/odoo/odoo/tools/cache.py", line 110, in lookup
    value = d[key] = self.method(*args, **kwargs)
                     ^^^^^^^^^^^^^^^^^^^^^^^^^^^^
  File "/home/odoo/src/odoo/odoo/addons/base/models/ir_ui_view.py", line 2776, in _get_view_cache
    arch, models = self._get_view_postprocessed(view, arch, **options)
                   ^^^^^^^^^^^^^^^^^^^^^^^^^^^^^^^^^^^^^^^^^^^^^^^^^^^
  File "/home/odoo/src/odoo/odoo/addons/base/models/ir_ui_view.py", line 2728, in _get_view_postprocessed
    return view.postprocess_and_fields(arch, model=self._name, **options)
           ^^^^^^^^^^^^^^^^^^^^^^^^^^^^^^^^^^^^^^^^^^^^^^^^^^^^^^^^^^^^^^
  File "/home/odoo/src/odoo/odoo/addons/base/models/ir_ui_view.py", line 1001, in postprocess_and_fields
    name_manager = self._postprocess_view(node, model or self.model, **options)
                   ^^^^^^^^^^^^^^^^^^^^^^^^^^^^^^^^^^^^^^^^^^^^^^^^^^^^^^^^^^^^
  File "/home/odoo/src/odoo/odoo/addons/base/models/ir_ui_view.py", line 1141, in _postprocess_view
    postprocessor(node, name_manager, node_info)
  File "/home/odoo/src/odoo/odoo/addons/base/models/ir_ui_view.py", line 1315, in _postprocess_tag_field
    for arch, _view in self._get_x2many_missing_view_archs(field, node, node_info):
                       ^^^^^^^^^^^^^^^^^^^^^^^^^^^^^^^^^^^^^^^^^^^^^^^^^^^^^^^^^^^
  File "/home/odoo/src/odoo/odoo/addons/base/models/ir_ui_view.py", line 1270, in _get_x2many_missing_view_archs
    return [comodel._get_view(view_type=view_type) for view_type in missing_view_types]
            ^^^^^^^^^^^^^^^^^^^^^^^^^^^^^^^^^^^^^^
  File "/home/odoo/src/odoo/odoo/addons/base/models/ir_ui_view.py", line 2704, in _get_view
    raise UserError(_("No default view of type '%s' could be found!", view_type))
odoo.exceptions.UserError: No default view of type 'tree' could be found!
2025-10-10 21:57:32,376 4 INFO john75suncity-ssh-git-github-com-odoo-odoo-git-18-0-24504174 odoo.addons.base.tests.test_views: Rendered 849 views as Mitchell Admin using (best of 5) 0.3087503844872117s
2025-10-10 21:57:32,384 4 INFO john75suncity-ssh-git-github-com-odoo-odoo-git-18-0-24504174 odoo.addons.base.models.ir_attachment: filestore gc 0 checked, 0 removed
2025-10-10 21:57:32,384 4 INFO john75suncity-ssh-git-github-com-odoo-odoo-git-18-0-24504174 odoo.service.server: 88 post-tests in 177.48s, 85397 queries
2025-10-10 21:57:32,384 4 INFO john75suncity-ssh-git-github-com-odoo-odoo-git-18-0-24504174 odoo.tests.stats: base: 156 tests 142.09s 84715 queries
2025-10-10 21:57:32,384 4 ERROR john75suncity-ssh-git-github-com-odoo-odoo-git-18-0-24504174 odoo.tests.result: 2 failed, 6 error(s) of 88 tests when loading database 'john75suncity-ssh-git-github-com-odoo-odoo-git-18-0-24504174'
      </record>
